CHOICE_debug_VALUE='debug'
CHOICE_graphics_VALUE='sdl2'
CHOICE_sound_VALUE='openal'
CHOICE_mikmod_VALUE='internal'
CHOICE_ovcodec_VALUE='standard'
CHOICE_netplay_VALUE='none'
CHOICE_joystick_VALUE='enabled'
CHOICE_ioformat_VALUE='stdio_zip'
CHOICE_accel_VALUE='asm'
CHOICE_threadlib_VALUE='pthread'
